Running 19 tests in a single process (parallelization threshold is 50)
Run options: --seed 56123

# Running:

...................

Finished in 2.110322s, 9.0034 runs/s, 14.6897 assertions/s.
19 runs, 31 assertions, 0 failures, 0 errors, 0 skips
